2026-10-03 10:37:25,502 INFO o.a.j.u.JMeterUtils: Setting Locale to en_EN
2026-10-03 10:37:25,511 INFO o.a.j.JMeter: Loading user properties from: /opt/homebrew/Cellar/jmeter/5.6.3/libexec/bin/user.properties
2026-10-03 10:37:25,512 INFO o.a.j.JMeter: Loading system properties from: /opt/homebrew/Cellar/jmeter/5.6.3/libexec/bin/system.properties
2026-10-03 10:37:25,512 INFO o.a.j.JMeter: Setting JMeter property: threads=10
2026-10-03 10:37:25,514 INFO o.a.j.JMeter: Copyright (c) 1998-2024 The Apache Software Foundation
2026-10-03 10:37:25,514 INFO o.a.j.JMeter: Version 5.6.3
2026-10-03 10:37:25,514 INFO o.a.j.JMeter: java.version=21.0.12.1
2026-10-03 10:37:25,514 INFO o.a.j.JMeter: java.vm.name=OpenJDK 64-Bit Server VM
2026-10-03 10:37:25,515 INFO o.a.j.JMeter: os.name=Mac OS X
2026-10-03 10:37:25,515 INFO o.a.j.JMeter: os.arch=aarch64
2026-10-03 10:37:25,515 INFO o.a.j.JMeter: os.version=26.1
2026-10-03 10:37:25,515 INFO o.a.j.JMeter: file.encoding=UTF-8
2026-10-03 10:37:25,515 INFO o.a.j.JMeter: java.awt.headless=true
2026-10-03 10:37:25,515 INFO o.a.j.JMeter: Max memory     =1073741824
2026-10-03 10:37:25,515 INFO o.a.j.JMeter: Available Processors =8
2026-10-03 10:37:25,519 INFO o.a.j.JMeter: Default Locale=English (EN)
2026-10-03 10:37:25,519 INFO o.a.j.JMeter: JMeter  Locale=English (EN)
2026-10-03 10:37:25,519 INFO o.a.j.JMeter: JMeterHome=/opt/homebrew/Cellar/jmeter/5.6.3/libexec
2026-10-03 10:37:25,519 INFO o.a.j.JMeter: user.dir  =/Users/leonsmit/Documents/UNI/CWA/cwa-assignment-1/frontend
2026-10-03 10:37:25,519 INFO o.a.j.JMeter: PWD       =/Users/leonsmit/Documents/UNI/CWA/cwa-assignment-1/frontend
2026-10-03 10:37:25,522 INFO o.a.j.JMeter: IP: 127.0.0.1 Name: leons-MacBook-Air.local FullName: localhost
2026-10-03 10:37:25,527 ERROR o.a.j.JMeter: An error occurred: 
java.lang.IllegalArgumentException: Cannot write to '/Users/leonsmit/Documents/UNI/CWA/cwa-assignment-1/frontend/results/x10' as folder does not exist and parent folder is not writable
	at org.apache.jorphan.util.JOrphanUtils.canSafelyWriteToFolder(JOrphanUtils.java:672) ~[jorphan.jar:5.6.3]
	at org.apache.jorphan.util.JOrphanUtils.canSafelyWriteToFolder(JOrphanUtils.java:620) ~[jorphan.jar:5.6.3]
	at org.apache.jmeter.JMeter.extractAndSetReportOutputFolder(JMeter.java:542) ~[ApacheJMeter_core.jar:5.6.3]
	at org.apache.jmeter.JMeter.start(JMeter.java:492) [ApacheJMeter_core.jar:5.6.3]
	at java.base/jdk.internal.reflect.DirectMethodHandleAccessor.invoke(DirectMethodHandleAccessor.java:103) ~[?:?]
	at java.base/java.lang.reflect.Method.invoke(Method.java:580) ~[?:?]
	at org.apache.jmeter.NewDriver.main(NewDriver.java:259) [ApacheJMeter.jar:5.6.3]
